
===== session start 20260915-142527 =====
app=0.1.0(1) android=16(36) abi=arm64-v8a
device=OnePlus OPD2508
logs=/storage/emulated/0/Android/media/org.dpdns.clevebitr/logs
09-15 14:25:27.608 I/main KrKr2Next/App: app start pid=11537 process=org.dpdns.clevebitr logs=/storage/emulated/0/Android/media/org.dpdns.clevebitr/logs
09-15 14:25:27.622 E/main KrKr2Next/App: failed to load libengine_api.so — 引擎未打包进 APK？
java.lang.UnsatisfiedLinkError: dlopen failed: library "libomp.so" not found: needed by /data/app/~~0NyD9Cu_QBPhJ-OJ5wJ4pg==/org.dpdns.clevebitr-sRq7y05-T7seOuilyq5MUw==/base.apk!/lib/arm64-v8a/libengine_api.so in namespace clns-9
	at java.lang.Runtime.loadLibrary0(Runtime.java:1090)
	at java.lang.Runtime.loadLibrary0(Runtime.java:1012)
	at java.lang.System.loadLibrary(System.java:1765)
	at org.dpdns.clevebitr.core.NativeEngine.<clinit>(NativeEngine.kt:21)
	at org.dpdns.clevebitr.KrKr2NextApplication.onCreate(KrKr2NextApplication.kt:63)
	at android.app.Instrumentation.callApplicationOnCreate(Instrumentation.java:1401)
	at android.app.ActivityThread.handleBindApplication(ActivityThread.java:8666)
	at android.app.ActivityThread.-$$Nest$mhandleBindApplication(Unknown Source:0)
	at android.app.ActivityThread$H.handleMessage(ActivityThread.java:2816)
	at android.os.Handler.dispatchMessage(Handler.java:116)
	at android.os.Looper.loopOnce(Looper.java:306)
	at android.os.Looper.loop(Looper.java:416)
	at android.app.ActivityThread.main(ActivityThread.java:9999)
	at java.lang.reflect.Method.invoke(Native Method)
	at com.android.internal.os.RuntimeInit$MethodAndArgsCaller.run(RuntimeInit.java:613)
	at com.android.internal.os.ZygoteInit.main(ZygoteInit.java:1074)

09-15 14:25:27.673 I/main KrKr2Next/Main: onCreate (recovery=PreviousExit(kind=CLEAN, detail=null))
09-15 14:25:27.703 D/main KrKr2Next/Main: onResume
09-15 14:25:29.273 D/main KrKr2Next/Main: onPause
09-15 14:25:31.339 D/main KrKr2Next/Main: onResume
09-15 14:25:38.406 I/main KrKr2Next/Main: launchGame path=/storage/emulated/0/Download/おっぱいスパイ学園 cache=/data/user/0/org.dpdns.clevebitr/cache

===== session start 20260915-142541 =====
app=0.1.0(1) android=16(36) abi=arm64-v8a
device=OnePlus OPD2508
logs=/storage/emulated/0/Android/media/org.dpdns.clevebitr/logs
09-15 14:25:41.960 I/main KrKr2Next/App: app start pid=14327 process=org.dpdns.clevebitr logs=/storage/emulated/0/Android/media/org.dpdns.clevebitr/logs
09-15 14:25:41.972 E/main KrKr2Next/App: failed to load libengine_api.so — 引擎未打包进 APK？
java.lang.UnsatisfiedLinkError: dlopen failed: library "libomp.so" not found: needed by /data/app/~~0NyD9Cu_QBPhJ-OJ5wJ4pg==/org.dpdns.clevebitr-sRq7y05-T7seOuilyq5MUw==/base.apk!/lib/arm64-v8a/libengine_api.so in namespace clns-9
	at java.lang.Runtime.loadLibrary0(Runtime.java:1090)
	at java.lang.Runtime.loadLibrary0(Runtime.java:1012)
	at java.lang.System.loadLibrary(System.java:1765)
	at org.dpdns.clevebitr.core.NativeEngine.<clinit>(NativeEngine.kt:21)
	at org.dpdns.clevebitr.KrKr2NextApplication.onCreate(KrKr2NextApplication.kt:63)
	at android.app.Instrumentation.callApplicationOnCreate(Instrumentation.java:1401)
	at android.app.ActivityThread.handleBindApplication(ActivityThread.java:8666)
	at android.app.ActivityThread.-$$Nest$mhandleBindApplication(Unknown Source:0)
	at android.app.ActivityThread$H.handleMessage(ActivityThread.java:2816)
	at android.os.Handler.dispatchMessage(Handler.java:116)
	at android.os.Looper.loopOnce(Looper.java:306)
	at android.os.Looper.loop(Looper.java:416)
	at android.app.ActivityThread.main(ActivityThread.java:9999)
	at java.lang.reflect.Method.invoke(Native Method)
	at com.android.internal.os.RuntimeInit$MethodAndArgsCaller.run(RuntimeInit.java:613)
	at com.android.internal.os.ZygoteInit.main(ZygoteInit.java:1074)

