--------- beginning of main
09-15 14:25:26.924 11537 11537 I dpdns.clevebitr: isSwordfishLaunchAppEnabled_ 1 isSwordfishInstallAppEnabled_ 1
09-15 14:25:26.924 11537 11537 I dpdns.clevebitr: Late-enabling -Xcheck:jni
09-15 14:25:26.956 11537 11537 E dpdns.clevebitr: Unknown bits set in runtime_flags: 0x40000000
09-15 14:25:26.956 11537 11537 I dpdns.clevebitr: Using CollectorTypeCMC GC.
09-15 14:25:26.973 11537 11537 D nativeloader: Load libframework-connectivity-tiramisu-jni.so using APEX ns com_android_tethering for caller /apex/com.android.tethering/javalib/framework-connectivity-t.jar: ok
09-15 14:25:26.983 11537 11537 I OneTrace: Mark active for pid=11537? true
09-15 14:25:26.983 11537 11537 D cutils-dev: otrace_set_tracing_enabled? true tag:0
09-15 14:25:26.983 11537 13689 D cutils-dev: properties changed in otrace_seq_number_changed!
09-15 14:25:27.004 11537 11537 D CompactWindowAppManager: initCompactApplicationInfo CompactMode: , NormalMode: 
09-15 14:25:27.015 11537 11537 D OplusScrollToTopManager: setIsInWhiteList false
09-15 14:25:27.019 11537 11537 D OplusViewDebugManager: OplusViewDebugManager Constructor android.view.debug.OplusViewDebugManager@98f74b9 [mHasViewDebugProperty true] [mHasMsgDebugProperty false] [DEBUG false] [EXTRAINFOENABLE false] [LIGHT_OS false]
09-15 14:25:27.023 11537 11537 E DynamicFramerate [AnimationConfigManager]: initAnimationConfig: animAwareItem is empty, return
09-15 14:25:27.037 11537 11537 D CompatChangeReporter: Compat change id reported: 202956589; UID 10389; state: ENABLED
09-15 14:25:27.043 11537 11537 W libc    : Access denied finding property "ro.odm.prev.product.name"
09-15 14:25:27.043 11537 11537 W libc    : Access denied finding property "ro.vendor.oplus.gundam"
09-15 14:25:27.308 11537 11537 D nativeloader: Configuring clns-9 for other apk /data/app/~~0NyD9Cu_QBPhJ-OJ5wJ4pg==/org.dpdns.clevebitr-sRq7y05-T7seOuilyq5MUw==/base.apk. target_sdk_version=35, uses_libraries=, library_path=/data/app/~~0NyD9Cu_QBPhJ-OJ5wJ4pg==/org.dpdns.clevebitr-sRq7y05-T7seOuilyq5MUw==/lib/arm64:/data/app/~~0NyD9Cu_QBPhJ-OJ5wJ4pg==/org.dpdns.clevebitr-sRq7y05-T7seOuilyq5MUw==/base.apk!/lib/arm64-v8a, permitted_path=/data:/mnt/expand:/data/user/0/org.dpdns.clevebitr
09-15 14:25:27.310 11537 11537 I dpdns.clevebitr: AssetManager2(0xb400007e920a0428) locale list changing from [] to [zh-CN]
09-15 14:25:27.314 11537 11537 V GraphicsEnvironment: Currently set values for:
09-15 14:25:27.314 11537 11537 V GraphicsEnvironment:   angle_gl_driver_selection_pkgs=[]
09-15 14:25:27.314 11537 11537 V GraphicsEnvironment:   angle_gl_driver_selection_values=[]
09-15 14:25:27.314 11537 11537 V GraphicsEnvironment: org.dpdns.clevebitr is not listed in per-application setting
09-15 14:25:27.314 11537 11537 V GraphicsEnvironment: ANGLE allowlist from config: 
09-15 14:25:27.314 11537 11537 V GraphicsEnvironment: org.dpdns.clevebitr is not listed in ANGLE allowlist or settings, returning default
09-15 14:25:27.315 11537 11537 V GraphicsEnvironment: App is not on the allowlist for updatable production driver.
09-15 14:25:27.320 11537 11537 D SurfaceSyncGroup: preCreateSurfaceSyncGroupTimerThread
09-15 14:25:27.326 11537 11537 D CompatChangeReporter: Compat change id reported: 279646685; UID 10389; state: ENABLED
09-15 14:25:27.330 11537 11537 D OplusGraphicsEvent: OplusGraphicsEventListener create now!
09-15 14:25:27.330 11537 11537 D OplusGraphicsEvent: addEventListener success!
09-15 14:25:27.333 11537 11537 D nativeloader: Load libpowerhalwrap_jni.so using system ns (caller=/system_ext/framework/mediatek-framework.jar): ok
09-15 14:25:27.334 11537 11537 I PowerHalWrapper: PowerHalWrapper.getInstance 
09-15 14:25:27.334 11537 11537 I PowerHalWrapper: PowerHalWrapper.getInstance 
09-15 14:25:27.334 11537 11537 I M-ProMotion: M-ProMotion is disabled
09-15 14:25:27.345 11537 11537 D CompatChangeReporter: Compat change id reported: 312399441; UID 10389; state: ENABLED
09-15 14:25:27.606 11537 11537 I KrKr2Next/Log: log dir = /storage/emulated/0/Android/media/org.dpdns.clevebitr/logs
09-15 14:25:27.608 11537 11537 I KrKr2Next/App: app start pid=11537 process=org.dpdns.clevebitr logs=/storage/emulated/0/Android/media/org.dpdns.clevebitr/logs
09-15 14:25:27.622 11537 11537 D nativeloader: Load /data/app/~~0NyD9Cu_QBPhJ-OJ5wJ4pg==/org.dpdns.clevebitr-sRq7y05-T7seOuilyq5MUw==/base.apk!/lib/arm64-v8a/libengine_api.so using class loader ns clns-9 (caller=/data/app/~~0NyD9Cu_QBPhJ-OJ5wJ4pg==/org.dpdns.clevebitr-sRq7y05-T7seOuilyq5MUw==/base.apk!classes4.dex): dlopen failed: library "libomp.so" not found: needed by /data/app/~~0NyD9Cu_QBPhJ-OJ5wJ4pg==/org.dpdns.clevebitr-sRq7y05-T7seOuilyq5MUw==/base.apk!/lib/arm64-v8a/libengine_api.so in namespace clns-9
09-15 14:25:27.622 11537 11537 E KrKr2Next/App: failed to load libengine_api.so — 引擎未打包进 APK？
09-15 14:25:27.622 11537 11537 E KrKr2Next/App: java.lang.UnsatisfiedLinkError: dlopen failed: library "libomp.so" not found: needed by /data/app/~~0NyD9Cu_QBPhJ-OJ5wJ4pg==/org.dpdns.clevebitr-sRq7y05-T7seOuilyq5MUw==/base.apk!/lib/arm64-v8a/libengine_api.so in namespace clns-9
09-15 14:25:27.622 11537 11537 E KrKr2Next/App: 	at java.lang.Runtime.loadLibrary0(Runtime.java:1090)
09-15 14:25:27.622 11537 11537 E KrKr2Next/App: 	at java.lang.Runtime.loadLibrary0(Runtime.java:1012)
09-15 14:25:27.622 11537 11537 E KrKr2Next/App: 	at java.lang.System.loadLibrary(System.java:1765)
09-15 14:25:27.622 11537 11537 E KrKr2Next/App: 	at org.dpdns.clevebitr.core.NativeEngine.<clinit>(NativeEngine.kt:21)
09-15 14:25:27.622 11537 11537 E KrKr2Next/App: 	at org.dpdns.clevebitr.KrKr2NextApplication.onCreate(KrKr2NextApplication.kt:63)
09-15 14:25:27.622 11537 11537 E KrKr2Next/App: 	at android.app.Instrumentation.callApplicationOnCreate(Instrumentation.java:1401)
09-15 14:25:27.622 11537 11537 E KrKr2Next/App: 	at android.app.ActivityThread.handleBindApplication(ActivityThread.java:8666)
09-15 14:25:27.622 11537 11537 E KrKr2Next/App: 	at android.app.ActivityThread.-$$Nest$mhandleBindApplication(Unknown Source:0)
09-15 14:25:27.622 11537 11537 E KrKr2Next/App: 	at android.app.ActivityThread$H.handleMessage(ActivityThread.java:2816)
09-15 14:25:27.622 11537 11537 E KrKr2Next/App: 	at android.os.Handler.dispatchMessage(Handler.java:116)
09-15 14:25:27.622 11537 11537 E KrKr2Next/App: 	at android.os.Looper.loopOnce(Looper.java:306)
09-15 14:25:27.622 11537 11537 E KrKr2Next/App: 	at android.os.Looper.loop(Looper.java:416)
09-15 14:25:27.622 11537 11537 E KrKr2Next/App: 	at android.app.ActivityThread.main(ActivityThread.java:9999)
09-15 14:25:27.622 11537 11537 E KrKr2Next/App: 	at java.lang.reflect.Method.invoke(Native Method)
09-15 14:25:27.622 11537 11537 E KrKr2Next/App: 	at com.android.internal.os.RuntimeInit$MethodAndArgsCaller.run(RuntimeInit.java:613)
09-15 14:25:27.622 11537 11537 E KrKr2Next/App: 	at com.android.internal.os.ZygoteInit.main(ZygoteInit.java:1074)
09-15 14:25:27.624 11537 11537 D OplusActivityManager: get AMS extension: android.os.BinderProxy@699fe29
09-15 14:25:27.627 11537 11537 I HWUI    : SupportApps size 0
09-15 14:25:27.627 11537 11537 D ExtensionsLoader: createInstance(64bit) : createExtendedFactory
09-15 14:25:27.627 11537 11537 D ExtensionsLoader: Opened libSchedAssistExtImpl.so
09-15 14:25:27.628 11537 11537 E SchedAssist: open sharedFd failed with error=No such file or directory
09-15 14:25:27.628 11537 11537 E SchedAssist: open sharedFd failed with error=No such file or directory
09-15 14:25:27.628 11537 11537 E SchedAssist: open sharedFd failed with error=Permission denied
09-15 14:25:27.628 11537 11537 E SchedAssist: open sharedFd failed with error=Permission denied
09-15 14:25:27.628 11537 11537 E SchedAssist: ofbAsyncOpen failed with error=No such file or directory
09-15 14:25:27.631 11537 13804 D ExtensionsLoader: createInstance(64bit) : createExtendedFactory
09-15 14:25:27.631 11537 11537 I dpdns.clevebitr: AssetManager2(0xb400007e920a0a28) locale list changing from [] to [zh-CN]
09-15 14:25:27.631 11537 13804 D ExtensionsLoader: Opened libSchedAssistExtImpl.so
09-15 14:25:27.633 11537 13804 D vulkan  : searching for layers in '/data/app/~~0NyD9Cu_QBPhJ-OJ5wJ4pg==/org.dpdns.clevebitr-sRq7y05-T7seOuilyq5MUw==/lib/arm64'
09-15 14:25:27.633 11537 13804 D vulkan  : searching for layers in '/data/app/~~0NyD9Cu_QBPhJ-OJ5wJ4pg==/org.dpdns.clevebitr-sRq7y05-T7seOuilyq5MUw==/base.apk!/lib/arm64-v8a'
09-15 14:25:27.634 11537 13804 D colorx  : I can't find colorx layer , let's enumerate colorx layers first.
09-15 14:25:27.637 11537 13804 D MMUD    : mtk_memory_debug_init org.dpdns.clevebitr 0xb400007dd150b3c0
09-15 14:25:27.638 11537 13804 I MMUD    : [MEMPROF] Memory instrumentation via debugfs (Experimental) enabled 0
09-15 14:25:27.644 11537 13804 D MTK_COMPILER_OPT: Conctrol flag is 0 for MTKInlineSIMD
09-15 14:25:27.644 11537 13804 D MTK_COMPILER_OPT: Disable MTKInlineSIMD
09-15 14:25:27.644 11537 13804 D ExtensionsLoader: createInstance(64bit) : createExtendedFactory
09-15 14:25:27.644 11537 13804 D ExtensionsLoader: Opened libeglextimpl.so
09-15 14:25:27.645 11537 11537 E ashmem  : Pinning is deprecated since Android Q. Please use trim or other methods.
09-15 14:25:27.645 11537 13804 D PreCache: [IPreCacheRus]loadRUSConfigs#102 failed to transact: -22 prc:org.dpdns.clevebitr
09-15 14:25:27.648 11537 11537 E OplusPredictiveBackController:  NoSuchMethodException 
09-15 14:25:27.648 11537 11537 D OplusPredictiveBackController: initPredictiveBackConfig for org.dpdns.clevebitr.MainActivity@6d1c399 initPredictiveBackConfig mShouldInterceptKeyEvent false
--------- beginning of main
09-15 14:25:28.285 11537 13851 W InteractionJankMonitor: Initializing without READ_DEVICE_CONFIG permission. enabled=false, interval=1, missedFrameThreshold=3, frameTimeThreshold=64, package=org.dpdns.clevebitr
09-15 14:25:28.479 11537 13680 I dpdns.clevebitr: Compiler allocated 7254KB to compile void android.view.ViewRootImpl.performTraversals()
09-15 14:25:28.932 11537 13697 D OplusScrollToTopManager: org.dpdns.clevebitr/org.dpdns.clevebitr.MainActivity,This com.android.internal.policy.DecorView{5965507 V.E...... R....... 0,0-3000,2120 aid=0 alpha=1.0 viewInfo = }[MainActivity] change focus to true
09-15 14:25:28.956 11537 13681 I dpdns.clevebitr: HeapTask is not gc_task
09-15 14:25:29.100 11537 11537 I DynamicFramerate [AnimationSpeedAware]: onEventHandled: info: InputEventInfo: mX = 0, mY = 0, mAction = 0, mVsyncTime = 704072218, mIsMoving = true, mUpdated = true
09-15 14:25:29.102 11537 11537 V AutofillManager: requestHideFillUi(null): anchor = null
09-15 14:25:29.105 11537 11537 D ViewExtract: [OplusViewExtractManager] OplusViewExtractManager init org.dpdns.clevebitr
09-15 14:25:29.164 11537 11537 I DynamicFramerate [AnimationSpeedAware]: onEventHandled: info: InputEventInfo: mX = 0, mY = 0, mAction = 1, mVsyncTime = 704072283, mIsMoving = false, mUpdated = true
09-15 14:25:29.268 11537 11537 D ViewRootImplExtImpl: the up motion event handled by client, just return
09-15 14:25:29.272 11537 11537 I PowerHalMgrImpl: perfLockAcq is supported. 
09-15 14:25:29.273 11537 11537 D KrKr2Next/Main: onPause
09-15 14:25:29.300 11537 11537 D VRI[MainActivity]: onFocusEvent false
09-15 14:25:29.963 11537 13852 D VRI[MainActivity]: dispatchAppVisibility visible:false mUpcomingWindowFocus:false
09-15 14:25:29.963 11537 11537 D VRI[MainActivity]: visibilityChanged oldVisibility=true newVisibility=false
09-15 14:25:29.969 11537 13681 I dpdns.clevebitr: HeapTask is not gc_task
09-15 14:25:29.971 11537 11537 I DynamicFramerate [AnimationInfoManager]: onWindowVisibilityChanged: viewRoot-android.view.ViewRootImpl@3c95b1b visibility changes to 8
09-15 14:25:29.972 11537 11537 D HWUI    : RenderProxy::destroy: this=0xb400007e920a0d00, mContext=0xb400007dd17c05c0
09-15 14:25:29.972 11537 13804 D HWUI    : SkiaVulkanPipeline::setSurface: this=0xb400007e33136480, surface=NULL
09-15 14:25:29.977 11537 11537 D ViewRootImplExtImpl: wrapConfigInfoIntoFlags rotation=1, smallestScreenWidthDp=848, isAutolayoutSwdpModified=false, residentWS=false, scenario=0, bounds=Rect(0, 0 - 3000, 2120), isFirstDraw=false, relayoutAsync=false, flags=0, newFlags=1572891144, title=org.dpdns.clevebitr/org.dpdns.clevebitr.MainActivity
09-15 14:25:29.984 11537 11537 D BLASTBufferQueue: [VRI[MainActivity]#0](f:0,a:2) destructor()
09-15 14:25:29.984 11537 11537 D BufferQueueConsumer: [VRI[MainActivity]#0(BLAST Consumer)0](id:2d1100000000,api:0,p:-1,c:11537) disconnect
09-15 14:25:29.987 11537 11537 D VRI[MainActivity]: setWindowStopped stopped:true
09-15 14:25:30.306 11537 13697 D OplusScrollToTopManager: org.dpdns.clevebitr/org.dpdns.clevebitr.MainActivity,This com.android.internal.policy.DecorView{5965507 I.E...... R.....ID 0,0-3000,2120 aid=0 alpha=1.0 viewInfo = }[MainActivity] change focus to false
09-15 14:25:31.294 11537 13804 D HWUI    : RenderThread::destroyRenderingContext: this=0xb400007e92076980
09-15 14:25:31.294 11537 13804 D HWUI    : SkiaVulkanPipeline::onContextDestroyed: this=0xb400007e33136480
09-15 14:25:31.328 11537 13852 D VRI[MainActivity]: dispatchAppVisibility visible:true mUpcomingWindowFocus:false
09-15 14:25:31.336 11537 11537 D VRI[MainActivity]: setWindowStopped stopped:false
09-15 14:25:31.336 11537 11537 D ViewRootImpl: Skipping stats log for color mode
09-15 14:25:31.339 11537 11537 V AutofillClientController: onActivityResumed()
09-15 14:25:31.339 11537 11537 D KrKr2Next/Main: onResume
09-15 14:25:31.340 11537 11537 V AutofillClientController: onActivityPostResumed()
09-15 14:25:31.340 11537 11537 V AutofillClientController: onActivityPostResumed(): Relayout fix enabled
09-15 14:25:31.340 11537 11537 V AutofillClientController: forResume(): Not attempting refill.
09-15 14:25:31.397 11537 11537 I DynamicFramerate [AnimationInfoManager]: onWindowVisibilityChanged: viewRoot-android.view.ViewRootImpl@3c95b1b visibility changes to 0
09-15 14:25:31.536 11537 11537 D ViewRootImplExtImpl: wrapConfigInfoIntoFlags rotation=1, smallestScreenWidthDp=848, isAutolayoutSwdpModified=false, residentWS=false, scenario=0, bounds=Rect(0, 0 - 3000, 2120), isFirstDraw=false, relayoutAsync=false, flags=0, newFlags=1572891144, title=org.dpdns.clevebitr/org.dpdns.clevebitr.MainActivity
09-15 14:25:31.543 11537 11537 D BufferQueueConsumer: [](id:2d1100000001,api:0,p:-1,c:11537) connect: controlledByApp=false
09-15 14:25:31.544 11537 11537 D BufferQueueConsumer: [VRI[MainActivity]#1(BLAST Consumer)1](id:2d1100000001,api:0,p:-1,c:11537) setMaxAcquiredBufferCount: 3
09-15 14:25:31.545 11537 13804 D colorx  : I can't find colorx layer , let's enumerate colorx layers first.
09-15 14:25:31.547 11537 13804 D MMUD    : mtk_memory_debug_init org.dpdns.clevebitr 0xb400007d370dc100
09-15 14:25:31.548 11537 13804 I MMUD    : [MEMPROF] Memory instrumentation via debugfs (Experimental) enabled 0
09-15 14:25:31.557 11537 13804 D MTK_COMPILER_OPT: Conctrol flag is 0 for MTKInlineSIMD
09-15 14:25:31.557 11537 13804 D MTK_COMPILER_OPT: Disable MTKInlineSIMD
09-15 14:25:31.558 11537 11537 I SurfaceControl:  setExtendedRangeBrightness sc=Surface(name=org.dpdns.clevebitr/org.dpdns.clevebitr.MainActivity)/@0x8403d58,currentBufferRatio=1.0,desiredRatio=1.0
09-15 14:25:31.565 11537 13804 D skia    : GrGpu::writePixels takes 4
09-15 14:25:31.592 11537 13804 D BLASTBufferQueue: [VRI[MainActivity]#1](f:0,a:1) acquireNextBufferLocked size=3000x2120 mFrameNumber=1 applyTransaction=true mTimestamp=704074710812178(auto) mPendingTransactions.size=0 graphicBufferId=49551037693957 transform=0
09-15 14:25:31.592 11537 13804 D VRI[MainActivity]: Received frameCommittedCallback lastAttemptedDrawFrameNum=1 didProduceBuffer=true syncBuffer=false
09-15 14:25:31.592 11537 11537 D VRI[MainActivity]: draw finished. seqId=0
09-15 14:25:31.604 11537 13804 D VRI[MainActivity]: Received frameCommittedCallback lastAttemptedDrawFrameNum=2 didProduceBuffer=false syncBuffer=false
09-15 14:25:31.605 11537 11537 D VRI[MainActivity]: draw finished. seqId=0
09-15 14:25:31.610 11537 11537 D VRI[MainActivity]: onFocusEvent true
09-15 14:25:31.612 11537 11537 D InsetsController: hide(ime(), fromIme=false)
09-15 14:25:31.612 11537 11537 I ImeTracker: org.dpdns.clevebitr:5a977913: onCancelled at PHASE_CLIENT_ALREADY_HIDDEN
09-15 14:25:31.957 11537 13681 I dpdns.clevebitr: HeapTask is not gc_task
09-15 14:25:32.471 11537 11537 I DynamicFramerate [AnimationSpeedAware]: onEventHandled: info: InputEventInfo: mX = 0, mY = 0, mAction = 0, mVsyncTime = 704075589, mIsMoving = true, mUpdated = true
09-15 14:25:32.471 11537 11537 V AutofillManager: requestHideFillUi(null): anchor = null
09-15 14:25:32.481 11537 13759 I dpdns.clevebitr: Note: end time exceeds INT32_MAX: 18446744073
09-15 14:25:32.518 11537 13759 I dpdns.clevebitr: Note: end time exceeds INT32_MAX: 18446744073
09-15 14:25:32.527 11537 13759 I dpdns.clevebitr: Note: end time exceeds INT32_MAX: 18446744073
09-15 14:25:32.533 11537 14008 I PowerHalWrapper: PowerHalWrapper.getInstance 
09-15 14:25:32.534 11537 14008 E dpdns.clevebitr: legacy_receive_flag: 1
09-15 14:25:32.534 11537 14008 D dpdns.clevebitr: /proc/perfmgr_sbe/sbe_ioctl not exists: No such file or directory
09-15 14:25:32.534 11537 13759 I dpdns.clevebitr: Note: end time exceeds INT32_MAX: 18446744073
09-15 14:25:32.537 11537 11537 I PowerHalWrapper: PowerHalWrapper.getInstance 
09-15 14:25:32.542 11537 13759 I dpdns.clevebitr: Note: end time exceeds INT32_MAX: 18446744073
09-15 14:25:32.552 11537 13759 I dpdns.clevebitr: Note: end time exceeds INT32_MAX: 18446744073
09-15 14:25:32.558 11537 14008 I PowerHalMgrImpl: hdl:684212, pid:11537 
09-15 14:25:32.571 11537 11537 I InputTransport: HighRateState changed from false to true
09-15 14:25:32.573 11537 13759 I dpdns.clevebitr: Note: end time exceeds INT32_MAX: 18446744073
09-15 14:25:32.574 11537 13759 I dpdns.clevebitr: Note: end time exceeds INT32_MAX: 18446744073
09-15 14:25:32.583 11537 13759 I dpdns.clevebitr: Note: end time exceeds INT32_MAX: 18446744073
09-15 14:25:32.594 11537 13759 I dpdns.clevebitr: Note: end time exceeds INT32_MAX: 18446744073
09-15 14:25:32.607 11537 13759 I dpdns.clevebitr: Note: end time exceeds INT32_MAX: 18446744073
09-15 14:25:32.616 11537 13697 D OplusScrollToTopManager: org.dpdns.clevebitr/org.dpdns.clevebitr.MainActivity,This com.android.internal.policy.DecorView{5965507 V.E...... R....... 0,0-3000,2120 aid=0 alpha=1.0 viewInfo = }[MainActivity] change focus to true
09-15 14:25:32.633 11537 13759 I dpdns.clevebitr: Note: end time exceeds INT32_MAX: 18446744073
09-15 14:25:32.664 11537 13759 I dpdns.clevebitr: Note: end time exceeds INT32_MAX: 18446744073
09-15 14:25:32.682 11537 13759 I dpdns.clevebitr: Note: end time exceeds INT32_MAX: 18446744073
09-15 14:25:32.683 11537 13759 I dpdns.clevebitr: Note: end time exceeds INT32_MAX: 18446744073
09-15 14:25:32.698 11537 13759 I dpdns.clevebitr: Note: end time exceeds INT32_MAX: 18446744073
09-15 14:25:32.708 11537 13759 I dpdns.clevebitr: Note: end time exceeds INT32_MAX: 18446744073
09-15 14:25:32.716 11537 13759 I dpdns.clevebitr: Note: end time exceeds INT32_MAX: 18446744073
09-15 14:25:32.738 11537 13759 I dpdns.clevebitr: Note: end time exceeds INT32_MAX: 18446744073
09-15 14:25:32.751 11537 13759 I dpdns.clevebitr: Note: end time exceeds INT32_MAX: 18446744073
09-15 14:25:32.760 11537 13759 I dpdns.clevebitr: Note: end time exceeds INT32_MAX: 18446744073
09-15 14:25:32.772 11537 13759 I dpdns.clevebitr: Note: end time exceeds INT32_MAX: 18446744073
09-15 14:25:32.794 11537 13759 I dpdns.clevebitr: Note: end time exceeds INT32_MAX: 18446744073
09-15 14:25:32.804 11537 13759 I dpdns.clevebitr: Note: end time exceeds INT32_MAX: 18446744073
09-15 14:25:32.826 11537 13759 I dpdns.clevebitr: Note: end time exceeds INT32_MAX: 18446744073
09-15 14:25:32.838 11537 13759 I dpdns.clevebitr: Note: end time exceeds INT32_MAX: 18446744073
09-15 14:25:32.848 11537 13759 I dpdns.clevebitr: Note: end time exceeds INT32_MAX: 18446744073
09-15 14:25:32.849 11537 13759 I dpdns.clevebitr: Note: end time exceeds INT32_MAX: 18446744073
09-15 14:25:32.858 11537 11537 I DynamicFramerate [AnimationSpeedAware]: onEventHandled: info: InputEventInfo: mX = 0, mY = 0, mAction = 1, mVsyncTime = 704075977, mIsMoving = false, mUpdated = true
09-15 14:25:32.859 11537 11537 I VelocityTracker: LSQ2 speed rezero
09-15 14:25:32.862 11537 11537 I VelocityTracker: LSQ2 speed rezero
09-15 14:25:32.862 11537 11537 I ScrollIdentify: on fling
09-15 14:25:32.862 11537 11537 I VelocityTracker: LSQ2 speed rezero
09-15 14:25:32.862 11537 11537 D ViewRootImplExtImpl: the up motion event handled by client, just return
09-15 14:25:32.884 11537 13759 I dpdns.clevebitr: Note: end time exceeds INT32_MAX: 18446744073
09-15 14:25:33.424 11537 14190 D ProfileInstaller: Installing profile for org.dpdns.clevebitr
09-15 14:25:33.512 11537 11537 I DynamicFramerate [AnimationSpeedAware]: onEventHandled: info: InputEventInfo: mX = 0, mY = 0, mAction = 0, mVsyncTime = 704076630, mIsMoving = true, mUpdated = true
09-15 14:25:33.512 11537 11537 V AutofillManager: requestHideFillUi(null): anchor = null
09-15 14:25:33.514 11537 13759 I dpdns.clevebitr: Note: end time exceeds INT32_MAX: 18446744072
09-15 14:25:33.578 11537 11537 I DynamicFramerate [AnimationSpeedAware]: onEventHandled: info: InputEventInfo: mX = 0, mY = 0, mAction = 1, mVsyncTime = 704076697, mIsMoving = false, mUpdated = true
09-15 14:25:33.580 11537 11537 D ViewRootImplExtImpl: the up motion event handled by client, just return
09-15 14:25:33.583 11537 13759 I dpdns.clevebitr: Note: end time exceeds INT32_MAX: 18446744072
09-15 14:25:33.722 11537 13759 I dpdns.clevebitr: Note: end time exceeds INT32_MAX: 18446744072
09-15 14:25:34.245 11537 11537 I DynamicFramerate [AnimationSpeedAware]: onEventHandled: info: InputEventInfo: mX = 0, mY = 0, mAction = 0, mVsyncTime = 704077364, mIsMoving = true, mUpdated = true
09-15 14:25:34.245 11537 11537 V AutofillManager: requestHideFillUi(null): anchor = null
09-15 14:25:34.278 11537 11537 I DynamicFramerate [AnimationSpeedAware]: onEventHandled: info: InputEventInfo: mX = 0, mY = 0, mAction = 1, mVsyncTime = 704077396, mIsMoving = false, mUpdated = true
09-15 14:25:34.280 11537 11537 D ViewRootImplExtImpl: the up motion event handled by client, just return
09-15 14:25:34.296 11537 13759 I dpdns.clevebitr: Note: end time exceeds INT32_MAX: 18446744071
09-15 14:25:36.956 11537 13681 I dpdns.clevebitr: HeapTask is not gc_task
09-15 14:25:38.349 11537 11537 I DynamicFramerate [AnimationSpeedAware]: onEventHandled: info: InputEventInfo: mX = 0, mY = 0, mAction = 0, mVsyncTime = 704081467, mIsMoving = true, mUpdated = true
09-15 14:25:38.349 11537 11537 V AutofillManager: requestHideFillUi(null): anchor = null
09-15 14:25:38.382 11537 13759 I dpdns.clevebitr: Waiting for a blocking GC ProfileSaver
09-15 14:25:38.401 11537 11537 I DynamicFramerate [AnimationSpeedAware]: onEventHandled: info: InputEventInfo: mX = 0, mY = 0, mAction = 1, mVsyncTime = 704081520, mIsMoving = false, mUpdated = true
09-15 14:25:38.406 11537 11537 I KrKr2Next/Main: launchGame path=/storage/emulated/0/Download/おっぱいスパイ学園 cache=/data/user/0/org.dpdns.clevebitr/cache
09-15 14:25:38.409 11537 13759 I dpdns.clevebitr: WaitForGcToComplete blocked ProfileSaver on Background for 26.743ms
09-15 14:25:38.414 11537 11537 D ViewRootImplExtImpl: the up motion event handled by client, just return
09-15 14:25:38.416 11537 14240 I dpdns.clevebitr: Rejecting re-init on previously-failed class java.lang.Class<org.dpdns.clevebitr.core.NativeEngine>: java.lang.UnsatisfiedLinkError: dlopen failed: library "libomp.so" not found: needed by /data/app/~~0NyD9Cu_QBPhJ-OJ5wJ4pg==/org.dpdns.clevebitr-sRq7y05-T7seOuilyq5MUw==/base.apk!/lib/arm64-v8a/libengine_api.so in namespace clns-9
09-15 14:25:38.416 11537 14240 I dpdns.clevebitr: (Throwable with no stack trace)
--------- beginning of crash
09-15 14:25:38.416 11537 14240 E AndroidRuntime: FATAL EXCEPTION: krkr-render
09-15 14:25:38.416 11537 14240 E AndroidRuntime: Process: org.dpdns.clevebitr, PID: 11537
09-15 14:25:38.416 11537 14240 E AndroidRuntime: java.lang.NoClassDefFoundError: org.dpdns.clevebitr.core.NativeEngine
09-15 14:25:38.416 11537 14240 E AndroidRuntime: 	at org.dpdns.clevebitr.core.EngineSession.start$lambda$6(EngineSession.kt:143)
09-15 14:25:38.416 11537 14240 E AndroidRuntime: 	at org.dpdns.clevebitr.core.EngineSession.$r8$lambda$Yb0sPMiw5NESL1cC4GaIEMO794o(Unknown Source:0)
09-15 14:25:38.416 11537 14240 E AndroidRuntime: 	at org.dpdns.clevebitr.core.EngineSession$$ExternalSyntheticLambda14.run(D8$$SyntheticClass:0)
09-15 14:25:38.416 11537 14240 E AndroidRuntime: 	at android.os.Handler.handleCallback(Handler.java:1001)
09-15 14:25:38.416 11537 14240 E AndroidRuntime: 	at android.os.Handler.dispatchMessage(Handler.java:109)
09-15 14:25:38.416 11537 14240 E AndroidRuntime: 	at android.os.Looper.loopOnce(Looper.java:306)
09-15 14:25:38.416 11537 14240 E AndroidRuntime: 	at android.os.Looper.loop(Looper.java:416)
09-15 14:25:38.416 11537 14240 E AndroidRuntime: 	at android.os.HandlerThread.run(HandlerThread.java:85)
09-15 14:25:38.416 11537 14240 E AndroidRuntime: Caused by: java.lang.UnsatisfiedLinkError: dlopen failed: library "libomp.so" not found: needed by /data/app/~~0NyD9Cu_QBPhJ-OJ5wJ4pg==/org.dpdns.clevebitr-sRq7y05-T7seOuilyq5MUw==/base.apk!/lib/arm64-v8a/libengine_api.so in namespace clns-9
09-15 14:25:38.416 11537 14240 E AndroidRuntime: 	at java.lang.Runtime.loadLibrary0(Runtime.java:1090)
09-15 14:25:38.416 11537 14240 E AndroidRuntime: 	at java.lang.Runtime.loadLibrary0(Runtime.java:1012)
09-15 14:25:38.416 11537 14240 E AndroidRuntime: 	at java.lang.System.loadLibrary(System.java:1765)
09-15 14:25:38.416 11537 14240 E AndroidRuntime: 	at org.dpdns.clevebitr.core.NativeEngine.<clinit>(NativeEngine.kt:21)
09-15 14:25:38.416 11537 14240 E AndroidRuntime: 	at org.dpdns.clevebitr.KrKr2NextApplication.onCreate(KrKr2NextApplication.kt:63)
09-15 14:25:38.416 11537 14240 E AndroidRuntime: 	at android.app.Instrumentation.callApplicationOnCreate(Instrumentation.java:1401)
09-15 14:25:38.416 11537 14240 E AndroidRuntime: 	at android.app.ActivityThread.handleBindApplication(ActivityThread.java:8666)
09-15 14:25:38.416 11537 14240 E AndroidRuntime: 	at android.app.ActivityThread.-$$Nest$mhandleBindApplication(Unknown Source:0)
09-15 14:25:38.416 11537 14240 E AndroidRuntime: 	at android.app.ActivityThread$H.handleMessage(ActivityThread.java:2816)
09-15 14:25:38.416 11537 14240 E AndroidRuntime: 	at android.os.Handler.dispatchMessage(Handler.java:116)
09-15 14:25:38.416 11537 14240 E AndroidRuntime: 	at android.os.Looper.loopOnce(Looper.java:306)
09-15 14:25:38.416 11537 14240 E AndroidRuntime: 	at android.os.Looper.loop(Looper.java:416)
09-15 14:25:38.416 11537 14240 E AndroidRuntime: 	at android.app.ActivityThread.main(ActivityThread.java:9999)
09-15 14:25:38.416 11537 14240 E AndroidRuntime: 	at java.lang.reflect.Method.invoke(Native Method)
09-15 14:25:38.416 11537 14240 E AndroidRuntime: 	at com.android.internal.os.RuntimeInit$MethodAndArgsCaller.run(RuntimeInit.java:613)
09-15 14:25:38.416 11537 14240 E AndroidRuntime: 	at com.android.internal.os.ZygoteInit.main(ZygoteInit.java:1074)
09-15 14:25:38.418 11537 11537 W FinalizerDaemon: type=1400 audit(0.0:1217930): avc:  denied  { getopt } for  path="/dev/socket/usap_pool_primary" scontext=u:r:untrusted_app:s0:c133,c257,c512,c768 tcontext=u:r:zygote:s0 tclass=unix_stream_socket permissive=0 app=org.dpdns.clevebitr
09-15 14:25:38.448 11537 14240 E KrKr2Next/Crash: uncaught exception on thread 'krkr-render'
09-15 14:25:38.448 11537 14240 E KrKr2Next/Crash: ===== KrKr2Next 崩溃报告 =====
09-15 14:25:38.448 11537 14240 E KrKr2Next/Crash: 时间: 20260915-142538
09-15 14:25:38.448 11537 14240 E KrKr2Next/Crash: 线程: krkr-render (id=71615)
09-15 14:25:38.448 11537 14240 E KrKr2Next/Crash: 异常: java.lang.NoClassDefFoundError: org.dpdns.clevebitr.core.NativeEngine
09-15 14:25:38.448 11537 14240 E KrKr2Next/Crash: 
09-15 14:25:38.448 11537 14240 E KrKr2Next/Crash: --- 环境（不含任何唯一标识符）---
09-15 14:25:38.448 11537 14240 E KrKr2Next/Crash: app: 0.1.0(1)
09-15 14:25:38.448 11537 14240 E KrKr2Next/Crash: device: OnePlus OPD2508
09-15 14:25:38.448 11537 14240 E KrKr2Next/Crash: android: 16 (sdk 36)
09-15 14:25:38.448 11537 14240 E KrKr2Next/Crash: abi: arm64-v8a
09-15 14:25:38.448 11537 14240 E KrKr2Next/Crash: 屏幕: 3000x2120 @400dpi
09-15 14:25:38.448 11537 14240 E KrKr2Next/Crash: 日志目录: /storage/emulated/0/Android/media/org.dpdns.clevebitr/logs
09-15 14:25:38.448 11537 14240 E KrKr2Next/Crash: 引擎库: false
09-15 14:25:38.448 11537 14240 E KrKr2Next/Crash: 
09-15 14:25:38.448 11537 14240 E KrKr2Next/Crash: --- 调用栈 ---
09-15 14:25:38.448 11537 14240 E KrKr2Next/Crash: java.lang.NoClassDefFoundError: org.dpdns.clevebitr.core.NativeEngine
09-15 14:25:38.448 11537 14240 E KrKr2Next/Crash: 	at org.dpdns.clevebitr.core.EngineSession.start$lambda$6(EngineSession.kt:143)
09-15 14:25:38.448 11537 14240 E KrKr2Next/Crash: 	at org.dpdns.clevebitr.core.EngineSession.$r8$lambda$Yb0sPMiw5NESL1cC4GaIEMO794o(Unknown Source:0)
09-15 14:25:38.448 11537 14240 E KrKr2Next/Crash: 	at org.dpdns.clevebitr.core.EngineSession$$ExternalSyntheticLambda14.run(D8$$SyntheticClass:0)
09-15 14:25:38.448 11537 14240 E KrKr2Next/Crash: 	at android.os.Handler.handleCallback(Handler.java:1001)
09-15 14:25:38.448 11537 14240 E KrKr2Next/Crash: 	at android.os.Handler.dispatchMessage(Handler.java:109)
09-15 14:25:38.448 11537 14240 E KrKr2Next/Crash: 	at android.os.Looper.loopOnce(Looper.java:306)
09-15 14:25:38.448 11537 14240 E KrKr2Next/Crash: 	at android.os.Looper.loop(Looper.java:416)
09-15 14:25:38.448 11537 14240 E KrKr2Next/Crash: 	at android.os.HandlerThread.run(HandlerThread.java:85)
09-15 14:25:38.448 11537 14240 E KrKr2Next/Crash: Caused by: java.lang.UnsatisfiedLinkError: dlopen failed: library "libomp.so" not found: needed by /data/app/~~0NyD9Cu_QBPhJ-OJ5wJ4pg==/org.dpdns.clevebitr-sRq7y05-T7seOuilyq5MUw==/base.apk!/lib/arm64-v8a/libengine_api.so in namespace clns-9
09-15 14:25:38.448 11537 14240 E KrKr2Next/Crash: 	at java.lang.Runtime.loadLibrary0(Runtime.java:1090)
09-15 14:25:38.448 11537 14240 E KrKr2Next/Crash: 	at java.lang.Runtime.loadLibrary0(Runtime.java:1012)
09-15 14:25:38.448 11537 14240 E KrKr2Next/Crash: 	at java.lang.System.loadLibrary(System.java:1765)
09-15 14:25:38.448 11537 14240 E KrKr2Next/Crash: 	at org.dpdns.clevebitr.core.NativeEngine.<clinit>(NativeEngine.kt:21)
09-15 14:25:38.448 11537 14240 E KrKr2Next/Crash: 	at org.dpdns.clevebitr.KrKr2NextApplication.onCreate(KrKr2NextApplication.kt:63)
09-15 14:25:38.448 11537 14240 E KrKr2Next/Crash: 	at android.app.Instrumentation.callApplicationOnCreate(Instrumentation.java:1401)
09-15 14:25:38.448 11537 14240 E KrKr2Next/Crash: 	at android.app.ActivityThread.handleBindApplication(ActivityThread.java:8666)
09-15 14:25:38.448 11537 14240 E KrKr2Next/Crash: 	at android.app.ActivityThread.-$$Nest$mhandleBindApplication(Unknown Source:0)
09-15 14:25:38.448 11537 14240 E KrKr2Next/Crash: 	at android.app.ActivityThread$H.handleMessage(ActivityThread.java:2816)
09-15 14:25:38.448 11537 14240 E KrKr2Next/Crash: 	at android.os.Handler.dispatchMessage(Handler.java:116)
09-15 14:25:38.448 11537 14240 E KrKr2Next/Crash: 	at android.os.Looper.loopOnce(Looper.java:306)
09-15 14:25:38.448 11537 14240 E KrKr2Next/Crash: 	at android.os.Looper.loop(Looper.java:416)
09-15 14:25:38.448 11537 14240 E KrKr2Next/Crash: 	at android.app.ActivityThread.main(ActivityThread.java:9999)
09-15 14:25:38.448 11537 14240 E KrKr2Next/Crash: 	at java.lang.reflect.Method.invoke(Native Method)
09-15 14:25:38.448 11537 14240 E KrKr2Next/Crash: 	at com.android.internal.os.RuntimeInit$MethodAndArgsCaller.run(RuntimeInit.java:613)
09-15 14:25:38.448 11537 14240 E KrKr2Next/Crash: 	at com.android.internal.os.ZygoteInit.main(ZygoteInit.java:1074)
09-15 14:25:38.448 11537 14240 E KrKr2Next/Crash: 
09-15 14:25:38.488 11537 11537 D KrKr2Next/Main: onPause
09-15 14:25:38.492 11537 14240 I Process : Quit itself,  Pid:11537  StackTrace:org.dpdns.clevebitr.core.CrashTracker.handle:235 org.dpdns.clevebitr.core.CrashTracker.install$lambda$1$lambda$0:91 org.dpdns.clevebitr.core.CrashTracker.$r8$lambda$v91wwXa3Hbv0HhhC6P_OhpRzeGQ:0 org.dpdns.clevebitr.core.CrashTracker$$ExternalSyntheticLambda0.uncaughtException:0 java.lang.ThreadGroup.uncaughtException:1102 java.lang.ThreadGroup.uncaughtException:1093 java.lang.Thread.dispatchUncaughtException:2442 <bottom of call stack> <bottom of call stack> <bottom of call stack> 
09-15 14:25:38.492 11537 14240 I Process : Sending signal. PID: 11537 SIG: 9
09-15 14:25:38.496 13853 13853 I clevebitr:crash: isSwordfishLaunchAppEnabled_ 1 isSwordfishInstallAppEnabled_ 1
09-15 14:25:38.497 13853 13853 I clevebitr:crash: Late-enabling -Xcheck:jni
09-15 14:25:38.520 13853 13853 E clevebitr:crash: Unknown bits set in runtime_flags: 0x40000000
09-15 14:25:38.520 13853 13853 I clevebitr:crash: Using CollectorTypeCMC GC.
09-15 14:25:38.527 13853 13853 D nativeloader: Load libframework-connectivity-tiramisu-jni.so using APEX ns com_android_tethering for caller /apex/com.android.tethering/javalib/framework-connectivity-t.jar: ok
09-15 14:25:38.530 13853 13853 I OneTrace: Mark active for pid=13853? true
09-15 14:25:38.530 13853 13853 D cutils-dev: otrace_set_tracing_enabled? true tag:0
09-15 14:25:38.531 13853 14254 D cutils-dev: properties changed in otrace_seq_number_changed!
09-15 14:25:38.544 13853 13853 D CompactWindowAppManager: initCompactApplicationInfo CompactMode: , NormalMode: 
09-15 14:25:38.550 13853 13853 D OplusScrollToTopManager: setIsInWhiteList false
09-15 14:25:38.550 13853 13853 D OplusViewDebugManager: OplusViewDebugManager Constructor android.view.debug.OplusViewDebugManager@98f74b9 [mHasViewDebugProperty true] [mHasMsgDebugProperty false] [DEBUG false] [EXTRAINFOENABLE false] [LIGHT_OS false]
09-15 14:25:38.552 13853 13853 E DynamicFramerate [AnimationConfigManager]: initAnimationConfig: animAwareItem is empty, return
09-15 14:25:38.554 13853 13853 D CompatChangeReporter: Compat change id reported: 202956589; UID 10389; state: ENABLED
09-15 14:25:38.555 13853 13853 W libc    : Access denied finding property "ro.odm.prev.product.name"
09-15 14:25:38.555 13853 13853 W libc    : Access denied finding property "ro.vendor.oplus.gundam"
09-15 14:25:38.759 13853 13853 D nativeloader: Configuring clns-9 for other apk /data/app/~~0NyD9Cu_QBPhJ-OJ5wJ4pg==/org.dpdns.clevebitr-sRq7y05-T7seOuilyq5MUw==/base.apk. target_sdk_version=35, uses_libraries=, library_path=/data/app/~~0NyD9Cu_QBPhJ-OJ5wJ4pg==/org.dpdns.clevebitr-sRq7y05-T7seOuilyq5MUw==/lib/arm64:/data/app/~~0NyD9Cu_QBPhJ-OJ5wJ4pg==/org.dpdns.clevebitr-sRq7y05-T7seOuilyq5MUw==/base.apk!/lib/arm64-v8a, permitted_path=/data:/mnt/expand:/data/user/0/org.dpdns.clevebitr
09-15 14:25:38.761 13853 13853 I clevebitr:crash: AssetManager2(0xb400007e920a0428) locale list changing from [] to [zh-CN]
09-15 14:25:38.764 13853 13853 V GraphicsEnvironment: Currently set values for:
09-15 14:25:38.764 13853 13853 V GraphicsEnvironment:   angle_gl_driver_selection_pkgs=[]
09-15 14:25:38.764 13853 13853 V GraphicsEnvironment:   angle_gl_driver_selection_values=[]
09-15 14:25:38.764 13853 13853 V GraphicsEnvironment: org.dpdns.clevebitr is not listed in per-application setting
09-15 14:25:38.764 13853 13853 V GraphicsEnvironment: ANGLE allowlist from config: 
09-15 14:25:38.764 13853 13853 V GraphicsEnvironment: org.dpdns.clevebitr is not listed in ANGLE allowlist or settings, returning default
09-15 14:25:38.764 13853 13853 V GraphicsEnvironment: App is not on the allowlist for updatable production driver.
09-15 14:25:38.766 13853 13853 D SurfaceSyncGroup: preCreateSurfaceSyncGroupTimerThread
09-15 14:25:38.768 13853 13853 I KrKr2Next/App: crash process (org.dpdns.clevebitr:crash): skip engine & log init
09-15 14:25:38.768 13853 13853 D OplusActivityManager: get AMS extension: android.os.BinderProxy@17e8aac
09-15 14:25:38.769 13853 13853 I HWUI    : SupportApps size 0
09-15 14:25:38.770 13853 13853 D ExtensionsLoader: createInstance(64bit) : createExtendedFactory
09-15 14:25:38.770 13853 13853 D ExtensionsLoader: Opened libSchedAssistExtImpl.so
09-15 14:25:38.770 13853 13853 E SchedAssist: open sharedFd failed with error=No such file or directory
09-15 14:25:38.770 13853 13853 E SchedAssist: open sharedFd failed with error=No such file or directory
09-15 14:25:38.770 13853 13853 E SchedAssist: open sharedFd failed with error=Permission denied
09-15 14:25:38.770 13853 13853 E SchedAssist: open sharedFd failed with error=Permission denied
09-15 14:25:38.770 13853 13853 E SchedAssist: ofbAsyncOpen failed with error=No such file or directory
09-15 14:25:38.771 13853 13853 I clevebitr:crash: AssetManager2(0xb400007e920a0a28) locale list changing from [] to [zh-CN]
09-15 14:25:38.771 13853 14273 D OplusGraphicsEvent: OplusGraphicsEventListener create now!
09-15 14:25:38.772 13853 14273 D OplusGraphicsEvent: addEventListener success!
09-15 14:25:38.772 13853 14273 D ExtensionsLoader: createInstance(64bit) : createExtendedFactory
09-15 14:25:38.772 13853 14273 D ExtensionsLoader: Opened libSchedAssistExtImpl.so
09-15 14:25:38.773 13853 14273 D vulkan  : searching for layers in '/data/app/~~0NyD9Cu_QBPhJ-OJ5wJ4pg==/org.dpdns.clevebitr-sRq7y05-T7seOuilyq5MUw==/lib/arm64'
09-15 14:25:38.773 13853 14273 D vulkan  : searching for layers in '/data/app/~~0NyD9Cu_QBPhJ-OJ5wJ4pg==/org.dpdns.clevebitr-sRq7y05-T7seOuilyq5MUw==/base.apk!/lib/arm64-v8a'
09-15 14:25:38.773 13853 14273 D colorx  : I can't find colorx layer , let's enumerate colorx layers first.
09-15 14:25:38.775 13853 14273 D MMUD    : mtk_memory_debug_init org.dpdns.clevebitr:crash 0xb400007e39bc3040
09-15 14:25:38.775 13853 14273 I MMUD    : [MEMPROF] Memory instrumentation via debugfs (Experimental) enabled 0
09-15 14:25:38.778 13853 14273 D MTK_COMPILER_OPT: Conctrol flag is 0 for MTKInlineSIMD
09-15 14:25:38.778 13853 14273 D MTK_COMPILER_OPT: Disable MTKInlineSIMD
09-15 14:25:38.778 13853 14273 D ExtensionsLoader: createInstance(64bit) : createExtendedFactory
09-15 14:25:38.778 13853 14273 D ExtensionsLoader: Opened libeglextimpl.so
09-15 14:25:38.779 13853 14273 D PreCache: [IPreCacheRus]loadRUSConfigs#102 failed to transact: -22 prc:org.dpdns.clevebitr:crash
09-15 14:25:38.780 13853 13853 E ashmem  : Pinning is deprecated since Android Q. Please use trim or other methods.
09-15 14:25:38.782 13853 13853 E OplusPredictiveBackController:  NoSuchMethodException 
09-15 14:25:38.782 13853 13853 D OplusPredictiveBackController: initPredictiveBackConfig for org.dpdns.clevebitr.CrashActivity@28ff6dc initPredictiveBackConfig mShouldInterceptKeyEvent false
09-15 14:25:38.787 13853 13853 I oplus.android.OplusFrameworkFactoryImpl: Unknow feature:IOplusTextViewRTLUtilForUG
09-15 14:25:38.789 13853 13853 D CompatChangeReporter: Compat change id reported: 279646685; UID 10389; state: ENABLED
09-15 14:25:38.791 13853 13853 D CompatChangeReporter: Compat change id reported: 309578419; UID 10389; state: ENABLED
09-15 14:25:38.792 13853 13853 D DesktopModeFlags: Toggle override initialized to: OVERRIDE_UNSET
09-15 14:25:38.808 13853 13853 V AutofillClientController: onActivityPostResumed()
09-15 14:25:38.808 13853 13853 V AutofillClientController: onActivityPostResumed(): Relayout fix enabled
09-15 14:25:38.808 13853 13853 V AutofillClientController: forResume(): Not attempting refill.
09-15 14:25:38.809 13853 13853 D nativeloader: Load libpowerhalwrap_jni.so using system ns (caller=/system_ext/framework/mediatek-framework.jar): ok
09-15 14:25:38.809 13853 13853 I PowerHalWrapper: PowerHalWrapper.getInstance 
09-15 14:25:38.809 13853 13853 I PowerHalWrapper: PowerHalWrapper.getInstance 
09-15 14:25:38.809 13853 13853 I M-ProMotion: M-ProMotion is disabled
09-15 14:25:38.811 13853 13853 D CompatChangeReporter: Compat change id reported: 352594277; UID 10389; state: ENABLED
09-15 14:25:38.812 13853 13853 I SurfaceFactory: [static] sSurfaceFactory = com.mediatek.view.impl.SurfaceFactoryImpl@947b340
09-15 14:25:38.817 13853 13853 D CompatChangeReporter: Compat change id reported: 349153669; UID 10389; state: ENABLED
09-15 14:25:38.819 13853 13853 D WindowManager: Add to mViews: com.android.internal.policy.DecorView{1c735ca I.E...... R.....ID 0,0-0,0 alpha=1.0 viewInfo = }[CrashActivity],pkg= org.dpdns.clevebitr
09-15 14:25:38.819 13853 14273 D ExtensionsLoader: createInstance(64bit) : createExtendedFactory
09-15 14:25:38.820 13853 14273 D ExtensionsLoader: Opened libhwuiextimpl.so
09-15 14:25:38.820 13853 14273 D skia    : setRusSupported enable 1
09-15 14:25:38.822 13853 13853 D OplusAppWatchdog: monitor disabled
09-15 14:25:38.826 13853 13853 D ViewRootImplExtImpl: onDisplayChanged -1 for VRI android.view.ViewRootImpl@70ae496
09-15 14:25:38.831 13853 13853 E OplusBracketLog: [OplusViewMirrorManager] updateHostViewRootIfNeeded, not support android.view.ViewRootImpl@70ae496
09-15 14:25:38.831 13853 13853 I DynamicFramerate [AnimationInfoManager]: updatePixelSize: sPixelSize has been updated, process = org.dpdns.clevebitr:crash
09-15 14:25:38.875 13853 14276 D MMUD    : get_leak_baseline 3246391296
09-15 14:25:38.895 13853 13853 D CompatChangeReporter: Compat change id reported: 312399441; UID 10389; state: ENABLED
09-15 14:25:38.909 13853 13853 I KrKr2Next/Log: log dir = /storage/emulated/0/Android/media/org.dpdns.clevebitr/logs
09-15 14:25:38.918 13853 13853 W clevebitr:crash: Method boolean androidx.compose.runtime.snapshots.SnapshotStateList.conditionalUpdate(boolean, kotlin.jvm.functions.Function1) failed lock verification and will run slower.
09-15 14:25:38.918 13853 13853 W clevebitr:crash: Common causes for lock verification issues are non-optimized dex code
09-15 14:25:38.918 13853 13853 W clevebitr:crash: and incorrect proguard optimizations.
09-15 14:25:38.918 13853 13853 W clevebitr:crash: Method boolean androidx.compose.runtime.snapshots.SnapshotStateList.conditionalUpdate$default(androidx.compose.runtime.snapshots.SnapshotStateList, boolean, kotlin.jvm.functions.Function1, int, java.lang.Object) failed lock verification and will run slower.
09-15 14:25:38.918 13853 13853 W clevebitr:crash: Method java.lang.Object androidx.compose.runtime.snapshots.SnapshotStateList.mutate(kotlin.jvm.functions.Function1) failed lock verification and will run slower.
09-15 14:25:38.918 13853 13853 W clevebitr:crash: Method void androidx.compose.runtime.snapshots.SnapshotStateList.update(boolean, kotlin.jvm.functions.Function1) failed lock verification and will run slower.
09-15 14:25:38.918 13853 13853 W clevebitr:crash: Method void androidx.compose.runtime.snapshots.SnapshotStateList.update$default(androidx.compose.runtime.snapshots.SnapshotStateList, boolean, kotlin.jvm.functions.Function1, int, java.lang.Object) failed lock verification and will run slower.
09-15 14:25:38.969 13853 13853 D ViewRootImplExtImpl: wrapConfigInfoIntoFlags rotation=1, smallestScreenWidthDp=0, isAutolayoutSwdpModified=false, residentWS=false, scenario=0, bounds=Rect(0, 0 - 3000, 2120), isFirstDraw=true, relayoutAsync=false, flags=0, newFlags=-574619640, title=org.dpdns.clevebitr/org.dpdns.clevebitr.CrashActivity
09-15 14:25:38.976 13853 13853 E clevebitr:crash: [perfctl] 13853 13853 FPSGO ver:7
09-15 14:25:38.976 13853 13853 E clevebitr:crash: [perfctl] 1 1 1 0
09-15 14:25:38.976 13853 13853 D BufferQueueConsumer: [](id:361d00000000,api:0,p:-1,c:13853) connect: controlledByApp=false
09-15 14:25:38.976 13853 13853 D BufferQueueConsumer: [VRI[CrashActivity]#0(BLAST Consumer)0](id:361d00000000,api:0,p:-1,c:13853) setMaxAcquiredBufferCount: 3
09-15 14:25:38.987 13853 13853 I SurfaceControl:  setExtendedRangeBrightness sc=Surface(name=org.dpdns.clevebitr/org.dpdns.clevebitr.CrashActivity)/@0x2d490ae,currentBufferRatio=1.0,desiredRatio=1.0
09-15 14:25:38.994 13853 14273 I GrallocExtra: gralloc_extra_query:is_SW3D 0
09-15 14:25:39.001 13853 14273 D skia    : GrGpu::writePixels takes 3
09-15 14:25:39.001 13853 14273 I GrallocExtra: gralloc_extra_query:is_SW3D 0
09-15 14:25:39.002 13853 14273 D BLASTBufferQueue: [VRI[CrashActivity]#0](f:0,a:1) acquireNextBufferLocked size=3000x2120 mFrameNumber=1 applyTransaction=true mTimestamp=704082120695563(auto) mPendingTransactions.size=0 graphicBufferId=59498181951489 transform=0
09-15 14:25:39.002 13853 14273 D VRI[CrashActivity]: Received frameCommittedCallback lastAttemptedDrawFrameNum=1 didProduceBuffer=true syncBuffer=false
09-15 14:25:39.002 13853 14273 D ExtensionsLoader: createInstance(64bit) : createExtendedFactory
09-15 14:25:39.002 13853 14273 D ExtensionsLoader: Opened libSchedAssistExtImpl.so
09-15 14:25:39.003 13853 13853 D VRI[CrashActivity]: draw finished. seqId=0
09-15 14:25:39.003 13853 14296 D LibMBrainProxy: Init Paramters
09-15 14:25:39.007 13853 13853 I DynamicFramerate [FRTCConfigManager]: initFrameRateConfig: init with OplusDynamicFRTCConfig
09-15 14:25:39.007 13853 13853 I DynamicFramerate [FRTCConfigManager]: 	levelsFor120hz: [120, 60]
09-15 14:25:39.007 13853 13853 I DynamicFramerate [FRTCConfigManager]: 	thresholdsFor120hz: [300]
09-15 14:25:39.007 13853 13853 I DynamicFramerate [FRTCConfigManager]: 	levelsFor90hz: [90, 45]
09-15 14:25:39.007 13853 13853 I DynamicFramerate [FRTCConfigManager]: 	thresholdsFor90hz: [214]
09-15 14:25:39.007 13853 13853 I DynamicFramerate [FRTCConfigManager]: FRTCConfigManager: FRTC_CAPABILITY = 0, package name = org.dpdns.clevebitr, WINDOW_ANIMATION_SPEED_RATE = 10, SCROLL_ANIMATION_SPEED_RATE = 20, PACKAGE_ENABLE = true
09-15 14:25:39.008 13853 13853 I DynamicFramerate [DynamicFrameRateController]: init info: mPackageName = org.dpdns.clevebitr, mIsEnabled = true
09-15 14:25:39.036 13853 13853 D VRI[CrashActivity]: onFocusEvent true
09-15 14:25:39.039 13853 13853 D InsetsController: hide(ime(), fromIme=false)
09-15 14:25:39.039 13853 13853 I ImeTracker: org.dpdns.clevebitr:862507b6: onCancelled at PHASE_CLIENT_ALREADY_HIDDEN
09-15 14:25:39.208 13853 14254 I clevebitr:crash: Compiler allocated 7254KB to compile void android.view.ViewRootImpl.performTraversals()
09-15 14:25:40.042 13853 14266 D OplusScrollToTopManager: org.dpdns.clevebitr/org.dpdns.clevebitr.CrashActivity,This com.android.internal.policy.DecorView{1c735ca V.E...... R....... 0,0-3000,2120 aid=0 alpha=1.0 viewInfo = }[CrashActivity] change focus to true
09-15 14:25:40.521 13853 14255 I clevebitr:crash: HeapTask is not gc_task
09-15 14:25:41.243 13853 13853 I DynamicFramerate [AnimationSpeedAware]: onEventHandled: info: InputEventInfo: mX = 0, mY = 0, mAction = 0, mVsyncTime = 704084362, mIsMoving = true, mUpdated = true
09-15 14:25:41.244 13853 13853 V AutofillManager: requestHideFillUi(null): anchor = null
09-15 14:25:41.248 13853 13853 D ViewExtract: [OplusViewExtractManager] OplusViewExtractManager init org.dpdns.clevebitr
09-15 14:25:41.318 13853 13853 I DynamicFramerate [AnimationSpeedAware]: onEventHandled: info: InputEventInfo: mX = 0, mY = 0, mAction = 1, mVsyncTime = 704084437, mIsMoving = false, mUpdated = true
09-15 14:25:41.364 14327 14327 I dpdns.clevebitr: isSwordfishLaunchAppEnabled_ 1 isSwordfishInstallAppEnabled_ 1
09-15 14:25:41.366 14327 14327 I dpdns.clevebitr: Late-enabling -Xcheck:jni
09-15 14:25:41.400 14327 14327 E dpdns.clevebitr: Unknown bits set in runtime_flags: 0x40000000
09-15 14:25:41.400 14327 14327 I dpdns.clevebitr: Using CollectorTypeCMC GC.
09-15 14:25:41.409 14327 14327 D nativeloader: Load libframework-connectivity-tiramisu-jni.so using APEX ns com_android_tethering for caller /apex/com.android.tethering/javalib/framework-connectivity-t.jar: ok
09-15 14:25:41.415 14327 14327 I OneTrace: Mark active for pid=14327? true
09-15 14:25:41.415 14327 14327 D cutils-dev: otrace_set_tracing_enabled? true tag:0
09-15 14:25:41.415 14327 14359 D cutils-dev: properties changed in otrace_seq_number_changed!
09-15 14:25:41.443 14327 14327 D CompactWindowAppManager: initCompactApplicationInfo CompactMode: , NormalMode: 
09-15 14:25:41.444 14327 14360 I dpdns.clevebitr: HeapTask is not gc_task
09-15 14:25:41.450 14327 14327 D OplusScrollToTopManager: setIsInWhiteList false
09-15 14:25:41.453 14327 14327 D OplusViewDebugManager: OplusViewDebugManager Constructor android.view.debug.OplusViewDebugManager@98f74b9 [mHasViewDebugProperty true] [mHasMsgDebugProperty false] [DEBUG false] [EXTRAINFOENABLE false] [LIGHT_OS false]
09-15 14:25:41.458 14327 14327 E DynamicFramerate [AnimationConfigManager]: initAnimationConfig: animAwareItem is empty, return
09-15 14:25:41.464 14327 14327 D CompatChangeReporter: Compat change id reported: 202956589; UID 10389; state: ENABLED
09-15 14:25:41.467 14327 14327 W libc    : Access denied finding property "ro.odm.prev.product.name"
09-15 14:25:41.467 14327 14327 W libc    : Access denied finding property "ro.vendor.oplus.gundam"
09-15 14:25:41.870 14327 14327 D nativeloader: Configuring clns-9 for other apk /data/app/~~0NyD9Cu_QBPhJ-OJ5wJ4pg==/org.dpdns.clevebitr-sRq7y05-T7seOuilyq5MUw==/base.apk. target_sdk_version=35, uses_libraries=, library_path=/data/app/~~0NyD9Cu_QBPhJ-OJ5wJ4pg==/org.dpdns.clevebitr-sRq7y05-T7seOuilyq5MUw==/lib/arm64:/data/app/~~0NyD9Cu_QBPhJ-OJ5wJ4pg==/org.dpdns.clevebitr-sRq7y05-T7seOuilyq5MUw==/base.apk!/lib/arm64-v8a, permitted_path=/data:/mnt/expand:/data/user/0/org.dpdns.clevebitr
09-15 14:25:41.873 14327 14327 I dpdns.clevebitr: AssetManager2(0xb400007e920a0428) locale list changing from [] to [zh-CN]
09-15 14:25:41.881 14327 14327 V GraphicsEnvironment: Currently set values for:
09-15 14:25:41.881 14327 14327 V GraphicsEnvironment:   angle_gl_driver_selection_pkgs=[]
09-15 14:25:41.881 14327 14327 V GraphicsEnvironment:   angle_gl_driver_selection_values=[]
09-15 14:25:41.881 14327 14327 V GraphicsEnvironment: org.dpdns.clevebitr is not listed in per-application setting
09-15 14:25:41.881 14327 14327 V GraphicsEnvironment: ANGLE allowlist from config: 
09-15 14:25:41.882 14327 14327 V GraphicsEnvironment: org.dpdns.clevebitr is not listed in ANGLE allowlist or settings, returning default
09-15 14:25:41.882 14327 14327 V GraphicsEnvironment: App is not on the allowlist for updatable production driver.
09-15 14:25:41.904 14327 14327 D CompatChangeReporter: Compat change id reported: 279646685; UID 10389; state: ENABLED
09-15 14:25:41.908 14327 14327 D OplusGraphicsEvent: OplusGraphicsEventListener create now!
09-15 14:25:41.908 14327 14327 D OplusGraphicsEvent: addEventListener success!
09-15 14:25:41.911 14327 14327 D nativeloader: Load libpowerhalwrap_jni.so using system ns (caller=/system_ext/framework/mediatek-framework.jar): ok
09-15 14:25:41.912 14327 14327 I PowerHalWrapper: PowerHalWrapper.getInstance 
09-15 14:25:41.912 14327 14327 I PowerHalWrapper: PowerHalWrapper.getInstance 
09-15 14:25:41.912 14327 14327 I M-ProMotion: M-ProMotion is disabled
09-15 14:25:41.928 14327 14327 D CompatChangeReporter: Compat change id reported: 312399441; UID 10389; state: ENABLED
09-15 14:25:41.956 14327 14327 I KrKr2Next/Log: log dir = /storage/emulated/0/Android/media/org.dpdns.clevebitr/logs
09-15 14:25:41.959 14327 14327 I KrKr2Next/App: app start pid=14327 process=org.dpdns.clevebitr logs=/storage/emulated/0/Android/media/org.dpdns.clevebitr/logs
09-15 14:25:41.971 14327 14327 D nativeloader: Load /data/app/~~0NyD9Cu_QBPhJ-OJ5wJ4pg==/org.dpdns.clevebitr-sRq7y05-T7seOuilyq5MUw==/base.apk!/lib/arm64-v8a/libengine_api.so using class loader ns clns-9 (caller=/data/app/~~0NyD9Cu_QBPhJ-OJ5wJ4pg==/org.dpdns.clevebitr-sRq7y05-T7seOuilyq5MUw==/base.apk!classes4.dex): dlopen failed: library "libomp.so" not found: needed by /data/app/~~0NyD9Cu_QBPhJ-OJ5wJ4pg==/org.dpdns.clevebitr-sRq7y05-T7seOuilyq5MUw==/base.apk!/lib/arm64-v8a/libengine_api.so in namespace clns-9
09-15 14:25:41.972 14327 14327 E KrKr2Next/App: failed to load libengine_api.so — 引擎未打包进 APK？
09-15 14:25:41.972 14327 14327 E KrKr2Next/App: java.lang.UnsatisfiedLinkError: dlopen failed: library "libomp.so" not found: needed by /data/app/~~0NyD9Cu_QBPhJ-OJ5wJ4pg==/org.dpdns.clevebitr-sRq7y05-T7seOuilyq5MUw==/base.apk!/lib/arm64-v8a/libengine_api.so in namespace clns-9
09-15 14:25:41.972 14327 14327 E KrKr2Next/App: 	at java.lang.Runtime.loadLibrary0(Runtime.java:1090)
09-15 14:25:41.972 14327 14327 E KrKr2Next/App: 	at java.lang.Runtime.loadLibrary0(Runtime.java:1012)
09-15 14:25:41.972 14327 14327 E KrKr2Next/App: 	at java.lang.System.loadLibrary(System.java:1765)
09-15 14:25:41.972 14327 14327 E KrKr2Next/App: 	at org.dpdns.clevebitr.core.NativeEngine.<clinit>(NativeEngine.kt:21)
09-15 14:25:41.972 14327 14327 E KrKr2Next/App: 	at org.dpdns.clevebitr.KrKr2NextApplication.onCreate(KrKr2NextApplication.kt:63)
09-15 14:25:41.972 14327 14327 E KrKr2Next/App: 	at android.app.Instrumentation.callApplicationOnCreate(Instrumentation.java:1401)
09-15 14:25:41.972 14327 14327 E KrKr2Next/App: 	at android.app.ActivityThread.handleBindApplication(ActivityThread.java:8666)
09-15 14:25:41.972 14327 14327 E KrKr2Next/App: 	at android.app.ActivityThread.-$$Nest$mhandleBindApplication(Unknown Source:0)
09-15 14:25:41.972 14327 14327 E KrKr2Next/App: 	at android.app.ActivityThread$H.handleMessage(ActivityThread.java:2816)
09-15 14:25:41.972 14327 14327 E KrKr2Next/App: 	at android.os.Handler.dispatchMessage(Handler.java:116)
09-15 14:25:41.972 14327 14327 E KrKr2Next/App: 	at android.os.Looper.loopOnce(Looper.java:306)
09-15 14:25:41.972 14327 14327 E KrKr2Next/App: 	at android.os.Looper.loop(Looper.java:416)
09-15 14:25:41.972 14327 14327 E KrKr2Next/App: 	at android.app.ActivityThread.main(ActivityThread.java:9999)
09-15 14:25:41.972 14327 14327 E KrKr2Next/App: 	at java.lang.reflect.Method.invoke(Native Method)
09-15 14:25:41.972 14327 14327 E KrKr2Next/App: 	at com.android.internal.os.RuntimeInit$MethodAndArgsCaller.run(RuntimeInit.java:613)
09-15 14:25:41.972 14327 14327 E KrKr2Next/App: 	at com.android.internal.os.ZygoteInit.main(ZygoteInit.java:1074)
09-15 14:25:41.976 14327 14327 D OplusActivityManager: get AMS extension: android.os.BinderProxy@aa0aeba
09-15 14:25:41.979 14327 14327 E SchedAssist: open sharedFd failed with error=No such file or directory
09-15 14:25:41.980 14327 14327 E SchedAssist: open sharedFd failed with error=No such file or directory
09-15 14:25:41.980 14327 14327 E SchedAssist: open sharedFd failed with error=Permission denied
09-15 14:25:41.980 14327 14327 E SchedAssist: open sharedFd failed with error=Permission denied
09-15 14:25:41.980 14327 14327 E SchedAssist: ofbAsyncOpen failed with error=No such file or directory
09-15 14:25:41.982 14327 14327 I DynamicFramerate [FRTCConfigManager]: initFrameRateConfig: init with OplusDynamicFRTCConfig
09-15 14:25:41.982 14327 14327 I DynamicFramerate [FRTCConfigManager]: 	levelsFor120hz: [120, 60]
09-15 14:25:41.982 14327 14327 I DynamicFramerate [FRTCConfigManager]: 	thresholdsFor120hz: [300]
09-15 14:25:41.982 14327 14327 I DynamicFramerate [FRTCConfigManager]: 	levelsFor90hz: [90, 45]
09-15 14:25:41.982 14327 14327 I DynamicFramerate [FRTCConfigManager]: 	thresholdsFor90hz: [214]
09-15 14:25:41.982 14327 14327 I DynamicFramerate [FRTCConfigManager]: FRTCConfigManager: FRTC_CAPABILITY = 0, package name = org.dpdns.clevebitr, WINDOW_ANIMATION_SPEED_RATE = 10, SCROLL_ANIMATION_SPEED_RATE = 20, PACKAGE_ENABLE = true
09-15 14:25:41.982 14327 14327 I DynamicFramerate [DynamicFrameRateController]: init info: mPackageName = org.dpdns.clevebitr, mIsEnabled = true
